// Jest Snapshot v1, https://goo.gl/fbAQLP

exports[`feedgen proxy view performs basic proxy of getFeed 1`] = `
Object {
  "feed": Array [],
}
`;
